key=是非成败转头空123, the hash value is 1610752535
